$ jest
PASS tests/unit/jwt.util.test.ts
  ● Console

    console.log
      [dotenv@17.3.1] injecting env (4) from .env -- tip: ⚙️  enable debug logging with { debug: true }

      at _log (node_modules/dotenv/lib/main.js:139:11)

FAIL tests/integration/record.test.ts
  ● Console

    console.log
      [dotenv@17.3.1] injecting env (4) from .env -- tip: 🔐 encrypt with Dotenvx: https://dotenvx.com

      at _log (node_modules/dotenv/lib/main.js:139:11)

    console.log
      [dotenv@17.3.1] injecting env (0) from .env -- tip: ⚙️  load multiple .env files with { path: ['.env.local', '.env'] }

      at _log (node_modules/dotenv/lib/main.js:139:11)

    console.log
      [2026-04-02T20:10:44.454Z] [31merror[39m: DELETE /api/records/r1 - 404 - Record not found

      at Console.log (node_modules/winston/lib/winston/transports/console.js:87:23)

  ● Record API › DELETE /api/records/:id › should allow admin to soft delete a record

    expect(received).toEqual(expected) // deep equality

    Expected: 200
    Received: 404

      77 |                 .set('Authorization', `Bearer ${adminToken}`)
      78 |
    > 79 |             expect(res.statusCode).toEqual(200)
         |                                    ^
      80 |             expect(res.body.success).toBe(true)
      81 |             expect(prismaMock.financialRecord.update).toHaveBeenCalledWith(expect.objectContaining({
      82 |                 where: { id: 'r1' },

      at Object.<anonymous> (tests/integration/record.test.ts:79:36)

PASS tests/unit/auth.service.test.ts
  ● Console

    console.log
      [dotenv@17.3.1] injecting env (4) from .env -- tip: ⚙️  enable debug logging with { debug: true }

      at _log (node_modules/dotenv/lib/main.js:139:11)

    console.log
      [dotenv@17.3.1] injecting env (0) from .env -- tip: ⚙️  write to custom object with { processEnv: myObject }

      at _log (node_modules/dotenv/lib/main.js:139:11)

PASS tests/unit/hash.util.test.ts
PASS tests/integration/auth.test.ts
  ● Console

    console.log
      [dotenv@17.3.1] injecting env (4) from .env -- tip: 🛠️  run anywhere with `dotenvx run -- yourcommand`

      at _log (node_modules/dotenv/lib/main.js:139:11)

    console.log
      [dotenv@17.3.1] injecting env (0) from .env -- tip: ⚙️  specify custom .env file path with { path: '/custom/path/.env' }

      at _log (node_modules/dotenv/lib/main.js:139:11)

    console.log
      [2026-04-02T20:10:44.546Z] [31merror[39m: POST /api/auth/register - 400 - User already exists

      at Console.log (node_modules/winston/lib/winston/transports/console.js:87:23)

    console.log
      [2026-04-02T20:10:44.744Z] [31merror[39m: POST /api/auth/login - 400 - Account is inactive

      at Console.log (node_modules/winston/lib/winston/transports/console.js:87:23)


Test Suites: 1 failed, 4 passed, 5 total
Tests:       1 failed, 18 passed, 19 total
Snapshots:   0 total
Time:        2.328 s, estimated 3 s
Ran all test suites.
error: script "test" exited with code 1
